MO multiplexer NULL multiplexer.v vlg7F/multiplexer.bin 1541003265
MO decompressor_top NULL decompressor_top.v vlg68/decompressor__top.bin 1541003265
MO datapath NULL datapath.v vlg27/datapath.bin 1541003265
MO multiplexer_4_to_1 NULL multiplexer_4_to_1.v vlg64/multiplexer__4__to__1.bin 1541003265
MO flipflop NULL flipflop.v vlg5C/flipflop.bin 1541003265
MO sram_vga_controller NULL sram_vga_controller.v vlg13/sram__vga__controller.bin 1541003265
MO counter_18bit NULL counter_18bit.v vlg47/counter__18bit.bin 1541003265
MO controller NULL controller.v vlg54/controller.bin 1541003265
MO register_16_bit NULL register_16_bit.v vlg7D/register__16__bit.bin 1541003265
